{
  "generated_at_utc": "2026-08-14T08:51:57+00:00",
  "mode": "read_only_input_audit",
  "input_root": "/mnt/disk1/db/kraken2/0714/results/20260809T000000Z-prjna1056765-functional-profile",
  "cohort_source": "/mnt/disk1/db/kraken2/0714/reports_public/metagenome_functional_profile/run_status.tsv",
  "cohort_n": 30,
  "audit_state": "PASSED",
  "input_available": true,
  "expected_files": 90,
  "present_files": 90,
  "pass": 76,
  "warn": 14,
  "fail": 0,
  "not_run": 0,
  "audit_passed": true,
  "SRR27344041": [
    {
      "run": "SRR27344041",
      "kind": "genefamilies",
      "path": "/mnt/disk1/db/kraken2/0714/results/20260809T000000Z-prjna1056765-functional-profile/SRR27344041/SRR27344041_genefamilies.tsv",
      "exists": true,
      "bytes": 42441,
      "sha256": "0829b825e410d946f1799aab614fb7d10915e0d6340b26648e577a2ebd55f8aa",
      "comment_lines": 1,
      "header_lines": 1,
      "data_rows": 834,
      "stratified_rows": 467,
      "unstratified_rows": 367,
      "malformed_rows": 0,
      "nonfinite_values": 0,
      "negative_values": 0,
      "duplicate_feature_rows": 0,
      "status": "PASS",
      "flags": ""
    },
    {
      "run": "SRR27344041",
      "kind": "pathabundance",
      "path": "/mnt/disk1/db/kraken2/0714/results/20260809T000000Z-prjna1056765-functional-profile/SRR27344041/SRR27344041_pathabundance.tsv",
      "exists": true,
      "bytes": 79,
      "sha256": "8bedeb01cfa61391725868bf65bcd1a4474fc44790a94407b150ea1a925cf9cc",
      "comment_lines": 1,
      "header_lines": 1,
      "data_rows": 2,
      "stratified_rows": 0,
      "unstratified_rows": 2,
      "malformed_rows": 0,
      "nonfinite_values": 0,
      "negative_values": 0,
      "duplicate_feature_rows": 0,
      "status": "WARN",
      "flags": "small_lt_1024B"
    },
    {
      "run": "SRR27344041",
      "kind": "pathcoverage",
      "path": "/mnt/disk1/db/kraken2/0714/results/20260809T000000Z-prjna1056765-functional-profile/SRR27344041/SRR27344041_pathcoverage.tsv",
      "exists": true,
      "bytes": 78,
      "sha256": "09ec03a0607267e673e8127ec579489b0e05e0bf15ef4cab17ad53949433d0e1",
      "comment_lines": 1,
      "header_lines": 1,
      "data_rows": 2,
      "stratified_rows": 0,
      "unstratified_rows": 2,
      "malformed_rows": 0,
      "nonfinite_values": 0,
      "negative_values": 0,
      "duplicate_feature_rows": 0,
      "status": "WARN",
      "flags": "small_lt_1024B"
    }
  ],
  "other_header_only_path_files": [],
  "parameters": {
    "small_bytes": 1024
  }
}
